Archive member included to satisfy reference by file (symbol)

/home/beverly/Documents/glibc-2.27/build-glibc/elf/rtld-libc.a(rtld-check_fds.os)
                              /home/beverly/Documents/glibc-2.27/build-glibc/elf/dl-allobjs.os (__libc_check_standard_fds)
/home/beverly/Documents/glibc-2.27/build-glibc/elf/rtld-libc.a(rtld-errno.os)
                              /home/beverly/Documents/glibc-2.27/build-glibc/elf/dl-allobjs.os (rtld_errno)
/home/beverly/Documents/glibc-2.27/build-glibc/elf/rtld-libc.a(rtld-closedir.os)
                              /home/beverly/Documents/glibc-2.27/build-glibc/elf/dl-allobjs.os (__closedir)
/home/beverly/Documents/glibc-2.27/build-glibc/elf/rtld-libc.a(rtld-readdir.os)
                              /home/beverly/Documents/glibc-2.27/build-glibc/elf/dl-allobjs.os (__readdir)
/home/beverly/Documents/glibc-2.27/build-glibc/elf/rtld-libc.a(rtld-rewinddir.os)
                              /home/beverly/Documents/glibc-2.27/build-glibc/elf/dl-allobjs.os (__rewinddir)
/home/beverly/Documents/glibc-2.27/build-glibc/elf/rtld-libc.a(rtld-getdents.os)
                              /home/beverly/Documents/glibc-2.27/build-glibc/elf/rtld-libc.a(rtld-readdir.os) (__getdents)
/home/beverly/Documents/glibc-2.27/build-glibc/elf/rtld-libc.a(rtld-fdopendir.os)
                              /home/beverly/Documents/glibc-2.27/build-glibc/elf/dl-allobjs.os (__fdopendir)
/home/beverly/Documents/glibc-2.27/build-glibc/elf/rtld-libc.a(rtld-dl-addr-obj.os)
                              /home/beverly/Documents/glibc-2.27/build-glibc/elf/dl-allobjs.os (_dl_addr_inside_object)
/home/beverly/Documents/glibc-2.27/build-glibc/elf/rtld-libc.a(rtld-profil.os)
                              /home/beverly/Documents/glibc-2.27/build-glibc/elf/dl-allobjs.os (__profil)
/home/beverly/Documents/glibc-2.27/build-glibc/elf/rtld-libc.a(rtld-prof-freq.os)
                              /home/beverly/Documents/glibc-2.27/build-glibc/elf/dl-allobjs.os (__profile_frequency)
/home/beverly/Documents/glibc-2.27/build-glibc/elf/rtld-libc.a(rtld-xstat.os)
                              /home/beverly/Documents/glibc-2.27/build-glibc/elf/dl-allobjs.os (__GI___xstat64)
/home/beverly/Documents/glibc-2.27/build-glibc/elf/rtld-libc.a(rtld-fxstat.os)
                              /home/beverly/Documents/glibc-2.27/build-glibc/elf/dl-allobjs.os (__GI___fxstat64)
/home/beverly/Documents/glibc-2.27/build-glibc/elf/rtld-libc.a(rtld-lxstat.os)
                              /home/beverly/Documents/glibc-2.27/build-glibc/elf/dl-allobjs.os (__GI___lxstat64)
/home/beverly/Documents/glibc-2.27/build-glibc/elf/rtld-libc.a(rtld-open64.os)
                              /home/beverly/Documents/glibc-2.27/build-glibc/elf/dl-allobjs.os (__open)
/home/beverly/Documents/glibc-2.27/build-glibc/elf/rtld-libc.a(rtld-openat64.os)
                              /home/beverly/Documents/glibc-2.27/build-glibc/elf/dl-allobjs.os (__openat64_nocancel)
/home/beverly/Documents/glibc-2.27/build-glibc/elf/rtld-libc.a(rtld-read.os)
                              /home/beverly/Documents/glibc-2.27/build-glibc/elf/dl-allobjs.os (__libc_read)
/home/beverly/Documents/glibc-2.27/build-glibc/elf/rtld-libc.a(rtld-write.os)
                              /home/beverly/Documents/glibc-2.27/build-glibc/elf/dl-allobjs.os (__libc_write)
/home/beverly/Documents/glibc-2.27/build-glibc/elf/rtld-libc.a(rtld-lseek64.os)
                              /home/beverly/Documents/glibc-2.27/build-glibc/elf/dl-allobjs.os (__lseek)
/home/beverly/Documents/glibc-2.27/build-glibc/elf/rtld-libc.a(rtld-access.os)
                              /home/beverly/Documents/glibc-2.27/build-glibc/elf/dl-allobjs.os (__access)
/home/beverly/Documents/glibc-2.27/build-glibc/elf/rtld-libc.a(rtld-fcntl.os)
                              /home/beverly/Documents/glibc-2.27/build-glibc/elf/rtld-libc.a(rtld-check_fds.os) (__libc_fcntl)
/home/beverly/Documents/glibc-2.27/build-glibc/elf/rtld-libc.a(rtld-close.os)
                              /home/beverly/Documents/glibc-2.27/build-glibc/elf/dl-allobjs.os (__close)
/home/beverly/Documents/glibc-2.27/build-glibc/elf/rtld-libc.a(rtld-mmap64.os)
                              /home/beverly/Documents/glibc-2.27/build-glibc/elf/dl-allobjs.os (__mmap)
/home/beverly/Documents/glibc-2.27/build-glibc/elf/rtld-libc.a(rtld-munmap.os)
                              /home/beverly/Documents/glibc-2.27/build-glibc/elf/dl-allobjs.os (__munmap)
/home/beverly/Documents/glibc-2.27/build-glibc/elf/rtld-libc.a(rtld-mprotect.os)
                              /home/beverly/Documents/glibc-2.27/build-glibc/elf/dl-allobjs.os (__mprotect)
/home/beverly/Documents/glibc-2.27/build-glibc/elf/rtld-libc.a(rtld-uname.os)
                              /home/beverly/Documents/glibc-2.27/build-glibc/elf/dl-allobjs.os (__uname)
/home/beverly/Documents/glibc-2.27/build-glibc/elf/rtld-libc.a(rtld-_exit.os)
                              /home/beverly/Documents/glibc-2.27/build-glibc/elf/dl-allobjs.os (__GI__exit)
/home/beverly/Documents/glibc-2.27/build-glibc/elf/rtld-libc.a(rtld-getpid.os)
                              /home/beverly/Documents/glibc-2.27/build-glibc/elf/dl-allobjs.os (__getpid)
/home/beverly/Documents/glibc-2.27/build-glibc/elf/rtld-libc.a(rtld-environ.os)
                              /home/beverly/Documents/glibc-2.27/build-glibc/elf/dl-allobjs.os (__environ)
/home/beverly/Documents/glibc-2.27/build-glibc/elf/rtld-libc.a(rtld-setjmp.os)
                              /home/beverly/Documents/glibc-2.27/build-glibc/elf/dl-allobjs.os (__sigsetjmp)
/home/beverly/Documents/glibc-2.27/build-glibc/elf/rtld-libc.a(rtld-__longjmp.os)
                              /home/beverly/Documents/glibc-2.27/build-glibc/elf/dl-allobjs.os (__longjmp)
/home/beverly/Documents/glibc-2.27/build-glibc/elf/rtld-libc.a(rtld-sigaction.os)
                              /home/beverly/Documents/glibc-2.27/build-glibc/elf/rtld-libc.a(rtld-profil.os) (__sigaction)
/home/beverly/Documents/glibc-2.27/build-glibc/elf/rtld-libc.a(rtld-strdup.os)
                              /home/beverly/Documents/glibc-2.27/build-glibc/elf/dl-allobjs.os (__strdup)
/home/beverly/Documents/glibc-2.27/build-glibc/elf/rtld-libc.a(rtld-strcmp-sse2.os)
                              /home/beverly/Documents/glibc-2.27/build-glibc/elf/dl-allobjs.os (strcmp)
/home/beverly/Documents/glibc-2.27/build-glibc/elf/rtld-libc.a(rtld-memchr-sse2.os)
                              /home/beverly/Documents/glibc-2.27/build-glibc/elf/dl-allobjs.os (memchr)
/home/beverly/Documents/glibc-2.27/build-glibc/elf/rtld-libc.a(rtld-rawmemchr-sse2.os)
                              /home/beverly/Documents/glibc-2.27/build-glibc/elf/dl-allobjs.os (rawmemchr)
/home/beverly/Documents/glibc-2.27/build-glibc/elf/rtld-libc.a(rtld-memcmp-sse2.os)
                              /home/beverly/Documents/glibc-2.27/build-glibc/elf/dl-allobjs.os (memcmp)
/home/beverly/Documents/glibc-2.27/build-glibc/elf/rtld-libc.a(rtld-strchr-sse2.os)
                              /home/beverly/Documents/glibc-2.27/build-glibc/elf/dl-allobjs.os (strchr)
/home/beverly/Documents/glibc-2.27/build-glibc/elf/rtld-libc.a(rtld-strlen-sse2.os)
                              /home/beverly/Documents/glibc-2.27/build-glibc/elf/dl-allobjs.os (strlen)
/home/beverly/Documents/glibc-2.27/build-glibc/elf/rtld-libc.a(rtld-strnlen-sse2.os)
                              /home/beverly/Documents/glibc-2.27/build-glibc/elf/dl-allobjs.os (strnlen)
/home/beverly/Documents/glibc-2.27/build-glibc/elf/rtld-libc.a(rtld-stpcpy-sse2.os)
                              /home/beverly/Documents/glibc-2.27/build-glibc/elf/dl-allobjs.os (__stpcpy)
/home/beverly/Documents/glibc-2.27/build-glibc/elf/rtld-libc.a(rtld-strcspn-sse2.os)
                              /home/beverly/Documents/glibc-2.27/build-glibc/elf/dl-allobjs.os (strcspn)
/home/beverly/Documents/glibc-2.27/build-glibc/elf/rtld-libc.a(rtld-memmove-sse2-unaligned-erms.os)
                              /home/beverly/Documents/glibc-2.27/build-glibc/elf/dl-allobjs.os (__mempcpy)
/home/beverly/Documents/glibc-2.27/build-glibc/elf/rtld-libc.a(rtld-memset-sse2-unaligned-erms.os)
                              /home/beverly/Documents/glibc-2.27/build-glibc/elf/dl-allobjs.os (memset)
/home/beverly/Documents/glibc-2.27/build-glibc/elf/rtld-libc.a(rtld-setitimer.os)
                              /home/beverly/Documents/glibc-2.27/build-glibc/elf/rtld-libc.a(rtld-profil.os) (__setitimer)

Memory Configuration

Name             Origin             Length             Attributes
*default*        0x0000000000000000 0xffffffffffffffff

Linker script and memory map

START GROUP
LOAD /home/beverly/Documents/glibc-2.27/build-glibc/elf/dl-allobjs.os
LOAD /home/beverly/Documents/glibc-2.27/build-glibc/elf/rtld-libc.a
LOAD /usr/lib/gcc/x86_64-linux-gnu/7/libgcc.a
END GROUP

.interp
 *(.interp)

.note.gnu.build-id
 *(.note.gnu.build-id)

.hash
 *(.hash)

.gnu.hash
 *(.gnu.hash)

.dynsym
 *(.dynsym)

.dynstr
 *(.dynstr)

.gnu.version
 *(.gnu.version)

.gnu.version_d
 *(.gnu.version_d)

.gnu.version_r
 *(.gnu.version_r)

.rela.init
 *(.rela.init)

.rela.text
 *(.rela.text)

.rela.fini
 *(.rela.fini)

.rela.rodata
 *(.rela.rodata)

.rela.data.rel.ro
 *(.rela.data.rel.ro)

.rela.data
 *(.rela.data)

.rela.tdata
 *(.rela.tdata)

.rela.tbss
 *(.rela.tbss)

.rela.ctors
 *(.rela.ctors)

.rela.dtors
 *(.rela.dtors)

.rela.got
 *(.rela.got)

.rela.bss
 *(.rela.bss)

.rela.ldata
 *(.rela.ldata)

.rela.lbss
 *(.rela.lbss)

.rela.lrodata
 *(.rela.lrodata)

.rela.ifunc
 *(.rela.ifunc)

.rela.plt
 *(.rela.plt)

.init
 *(SORT_NONE(.init))

.plt
 *(.plt)
 *(.iplt)

.plt.got
 *(.plt.got)

.plt.sec
 *(.plt.sec)

.text           0x0000000000000000    0x1bf10
 *(.text .stub)
 .text          0x0000000000000000    0x18b60 /home/beverly/Documents/glibc-2.27/build-glibc/elf/dl-allobjs.os
                0x0000000000000000                _start
                0x0000000000000008                _dl_start_user
                0x0000000000001240                handle_ld_preload
                0x00000000000068f0                _dl_dst_count
                0x00000000000069a0                _dl_dst_substitute
                0x0000000000007180                _dl_init_paths
                0x0000000000007500                _dl_map_object
                0x0000000000007f60                _dl_rtld_di_serinfo
                0x0000000000008e90                _dl_lookup_symbol_x
                0x0000000000009db0                _dl_setup_hash
                0x0000000000009e60                _dl_add_to_namespace_list
                0x0000000000009ef0                _dl_new_object
                0x000000000000a260                _dl_try_allocate_static_tls
                0x000000000000a340                _dl_allocate_static_tls
                0x000000000000a370                _dl_nothread_init_static_tls
                0x000000000000a3b0                _dl_protect_relro
                0x000000000000a420                _dl_reloc_bad_type
                0x000000000000a4f0                _dl_relocate_object
                0x000000000000be30                _dl_map_object_deps
                0x000000000000ce10                _dl_important_hwcaps
                0x000000000000d5d0                _dl_fixup
                0x000000000000d770                _dl_profile_fixup
                0x000000000000dd20                _dl_call_pltexit
                0x000000000000df40                _dl_init
                0x000000000000e080                _dl_fini
                0x000000000000e460                _dl_debug_state
                0x000000000000e460                __GI__dl_debug_state
                0x000000000000e470                _dl_debug_initialize
                0x000000000000eb00                _dl_sysdep_read_whole_file
                0x000000000000eb90                _dl_debug_printf
                0x000000000000ec40                _dl_debug_printf_c
                0x000000000000ecf0                _dl_dprintf
                0x000000000000ed90                _dl_name_match_p
                0x000000000000ee00                _dl_higher_prime_number
                0x000000000000ee80                _dl_strtoul
                0x000000000000eff0                _dl_check_map_versions
                0x000000000000f750                _dl_check_all_versions
                0x000000000000f7c0                _dl_start_profile
                0x000000000000ff20                __GI__dl_mcount
                0x000000000000ff20                _dl_mcount
                0x0000000000010470                _dl_next_tls_modid
                0x0000000000010570                _dl_count_modids
                0x00000000000105e0                _dl_determine_tlsoffset
                0x00000000000107a0                _dl_get_tls_static_info
                0x00000000000107c0                _dl_allocate_tls_storage
                0x0000000000010880                __GI__dl_allocate_tls_init
                0x0000000000010880                _dl_allocate_tls_init
                0x0000000000010b00                __GI__dl_allocate_tls
                0x0000000000010b00                _dl_allocate_tls
                0x0000000000010b40                _dl_deallocate_tls
                0x0000000000010b40                __GI__dl_deallocate_tls
                0x0000000000010bc0                _dl_update_slotinfo
                0x0000000000010e30                __GI___tls_get_addr
                0x0000000000010e30                ___tls_get_addr
                0x0000000000010e70                _dl_tls_get_addr_soft
                0x0000000000010ef0                _dl_add_to_slotinfo
                0x0000000000010fe0                __tls_get_addr_slow
                0x0000000000011010                _dl_get_origin
                0x00000000000111b0                _dl_scope_free
                0x0000000000011280                _dl_make_stack_executable
                0x0000000000011280                __GI__dl_make_stack_executable
                0x0000000000011310                _dl_check_caller
                0x0000000000011700                __GI__dl_find_dso_for_object
                0x0000000000011700                _dl_find_dso_for_object
                0x00000000000117d0                _dl_open
                0x0000000000011b00                _dl_show_scope
                0x0000000000012540                _dl_close_worker
                0x0000000000013580                _dl_close
                0x00000000000135f0                _dl_runtime_profile_avx512
                0x0000000000013a70                _dl_runtime_profile_avx
                0x0000000000013ef0                _dl_runtime_profile_sse
                0x00000000000140f0                _dl_runtime_resolve_fxsave
                0x0000000000014170                _dl_runtime_resolve_xsave
                0x0000000000014240                _dl_runtime_resolve_xsavec
                0x0000000000014330                _dl_exception_create
                0x0000000000014330                __GI__dl_exception_create
                0x0000000000014430                __GI__dl_exception_create_format
                0x0000000000014430                _dl_exception_create_format
                0x0000000000014750                _dl_exception_free
                0x0000000000014750                __GI__dl_exception_free
                0x0000000000014780                _dl_sort_maps
                0x0000000000014a60                _dl_cache_libcmp
                0x0000000000014b30                _dl_load_cache_lookup
                0x00000000000151b0                _dl_unload_cache
                0x00000000000152b0                __tunable_set_val
                0x00000000000152d0                __GI___tunables_init
                0x0000000000015790                __tunable_get_val
                0x0000000000015790                __GI___tunable_get_val
                0x00000000000157f0                _dl_make_tlsdesc_dynamic
                0x0000000000015af0                _dl_tlsdesc_resolve_rela_fixup
                0x0000000000015cb0                _dl_tlsdesc_resolve_hold_fixup
                0x0000000000015cf0                _dl_unmap
                0x0000000000015d70                _dl_tlsdesc_return
                0x0000000000015d80                _dl_tlsdesc_undefweak
                0x0000000000015d90                _dl_tlsdesc_dynamic
                0x0000000000015e30                _dl_tlsdesc_resolve_rela
                0x0000000000015ea0                _dl_tlsdesc_resolve_hold
                0x0000000000015f20                __tls_get_addr
                0x0000000000015f60                __get_cpu_features
                0x0000000000015f70                _dl_tunable_set_hwcaps
                0x0000000000016e10                _dl_sysdep_start
                0x00000000000175b0                _dl_sysdep_start_cleanup
                0x00000000000175c0                _dl_show_auxv
                0x0000000000017740                _dl_discover_osversion
                0x0000000000017920                _dl_next_ld_env_entry
                0x0000000000017970                unsetenv
                0x00000000000179e0                malloc
                0x0000000000017b10                calloc
                0x0000000000017b50                free
                0x0000000000017b90                __sigjmp_save
                0x0000000000017ba0                __strerror_r
                0x0000000000017c80                __GI___libc_fatal
                0x0000000000017c80                __libc_fatal
                0x0000000000017cb0                __GI___chk_fail
                0x0000000000017cb0                __chk_fail
                0x0000000000017cc0                __GI___assert_fail
                0x0000000000017cc0                __assert_fail
                0x0000000000017d10                realloc
                0x0000000000017da0                __GI___assert_perror_fail
                0x0000000000017da0                __assert_perror_fail
                0x0000000000017e10                _itoa
                0x0000000000017e60                __strsep
                0x0000000000017e60                strsep
                0x0000000000017e60                __strsep_g
                0x0000000000017fa0                _dl_signal_exception
                0x0000000000017ff0                _dl_signal_error
                0x0000000000018040                _dl_signal_cexception
                0x00000000000180c0                _dl_signal_cerror
                0x0000000000018150                _dl_catch_exception
                0x0000000000018200                _dl_catch_error
                0x0000000000018250                _dl_receive_error
                0x0000000000018290                _dl_resolve_conflicts
                0x0000000000018400                __brk
                0x0000000000018400                brk
                0x0000000000018450                sbrk
                0x0000000000018450                __sbrk
                0x00000000000184e0                __getcwd
                0x00000000000184e0                getcwd
                0x0000000000018910                openat64
                0x0000000000018970                __alloc_dir
                0x0000000000018a70                __opendir
                0x0000000000018a70                opendir
                0x0000000000018b10                __fxstatat
                0x0000000000018b10                __fxstatat64
                0x0000000000018b10                __GI___fxstatat64
 .text          0x0000000000018b60       0xd2 /home/beverly/Documents/glibc-2.27/build-glibc/elf/rtld-libc.a(rtld-check_fds.os)
                0x0000000000018c00                __libc_check_standard_fds
 .text          0x0000000000018c32        0x0 /home/beverly/Documents/glibc-2.27/build-glibc/elf/rtld-libc.a(rtld-errno.os)
 *fill*         0x0000000000018c32        0xe 
 .text          0x0000000000018c40       0x28 /home/beverly/Documents/glibc-2.27/build-glibc/elf/rtld-libc.a(rtld-closedir.os)
                0x0000000000018c40                __closedir
                0x0000000000018c40                closedir
 *fill*         0x0000000000018c68        0x8 
 .text          0x0000000000018c70       0x8d /home/beverly/Documents/glibc-2.27/build-glibc/elf/rtld-libc.a(rtld-readdir.os)
                0x0000000000018c70                readdir
                0x0000000000018c70                __readdir64
                0x0000000000018c70                __readdir
                0x0000000000018c70                __GI___readdir64
                0x0000000000018c70                readdir64
 *fill*         0x0000000000018cfd        0x3 
 .text          0x0000000000018d00       0x30 /home/beverly/Documents/glibc-2.27/build-glibc/elf/rtld-libc.a(rtld-rewinddir.os)
                0x0000000000018d00                rewinddir
                0x0000000000018d00                __rewinddir
 .text          0x0000000000018d30       0x89 /home/beverly/Documents/glibc-2.27/build-glibc/elf/rtld-libc.a(rtld-getdents.os)
                0x0000000000018d30                __getdents
                0x0000000000018d30                __getdents64
 *fill*         0x0000000000018db9        0x7 
 .text          0x0000000000018dc0       0x9e /home/beverly/Documents/glibc-2.27/build-glibc/elf/rtld-libc.a(rtld-fdopendir.os)
                0x0000000000018dc0                fdopendir
                0x0000000000018dc0                __fdopendir
 *fill*         0x0000000000018e5e        0x2 
 .text          0x0000000000018e60       0x53 /home/beverly/Documents/glibc-2.27/build-glibc/elf/rtld-libc.a(rtld-dl-addr-obj.os)
                0x0000000000018e60                _dl_addr_inside_object
 *fill*         0x0000000000018eb3        0xd 
 .text          0x0000000000018ec0      0x103 /home/beverly/Documents/glibc-2.27/build-glibc/elf/rtld-libc.a(rtld-profil.os)
                0x0000000000018f10                __profil
                0x0000000000018f10                profil
 *fill*         0x0000000000018fc3        0xd 
 .text          0x0000000000018fd0        0x7 /home/beverly/Documents/glibc-2.27/build-glibc/elf/rtld-libc.a(rtld-prof-freq.os)
                0x0000000000018fd0                __profile_frequency
 *fill*         0x0000000000018fd7        0x9 
 .text          0x0000000000018fe0       0x40 /home/beverly/Documents/glibc-2.27/build-glibc/elf/rtld-libc.a(rtld-xstat.os)
                0x0000000000018fe0                _xstat
                0x0000000000018fe0                __xstat64
                0x0000000000018fe0                __GI___xstat64
                0x0000000000018fe0                __GI___xstat
                0x0000000000018fe0                __xstat
 .text          0x0000000000019020       0x40 /home/beverly/Documents/glibc-2.27/build-glibc/elf/rtld-libc.a(rtld-fxstat.os)
                0x0000000000019020                __GI___fxstat
                0x0000000000019020                __GI___fxstat64
                0x0000000000019020                __fxstat64
                0x0000000000019020                _fxstat
                0x0000000000019020                __fxstat
 .text          0x0000000000019060       0x40 /home/beverly/Documents/glibc-2.27/build-glibc/elf/rtld-libc.a(rtld-lxstat.os)
                0x0000000000019060                __GI___lxstat
                0x0000000000019060                _lxstat
                0x0000000000019060                __lxstat
                0x0000000000019060                __lxstat64
                0x0000000000019060                __GI___lxstat64
 .text          0x00000000000190a0       0x76 /home/beverly/Documents/glibc-2.27/build-glibc/elf/rtld-libc.a(rtld-open64.os)
                0x00000000000190a0                __open
                0x00000000000190a0                __open_nocancel
                0x00000000000190a0                __libc_open64
                0x00000000000190a0                __libc_open
                0x00000000000190a0                open64
                0x00000000000190a0                __open64_nocancel
                0x00000000000190a0                open
                0x00000000000190a0                __open64
 *fill*         0x0000000000019116        0xa 
 .text          0x0000000000019120       0x66 /home/beverly/Documents/glibc-2.27/build-glibc/elf/rtld-libc.a(rtld-openat64.os)
                0x0000000000019120                __openat64
                0x0000000000019120                __openat64_nocancel
                0x0000000000019120                __libc_openat64
                0x0000000000019120                __openat
                0x0000000000019120                openat
                0x0000000000019120                __openat_nocancel
 *fill*         0x0000000000019186        0xa 
 .text          0x0000000000019190       0x20 /home/beverly/Documents/glibc-2.27/build-glibc/elf/rtld-libc.a(rtld-read.os)
                0x0000000000019190                __read
                0x0000000000019190                __libc_read
                0x0000000000019190                __read_nocancel
                0x0000000000019190                read
 .text          0x00000000000191b0       0x28 /home/beverly/Documents/glibc-2.27/build-glibc/elf/rtld-libc.a(rtld-write.os)
                0x00000000000191b0                __write
                0x00000000000191b0                write
                0x00000000000191b0                __write_nocancel
                0x00000000000191b0                __libc_write
 *fill*         0x00000000000191d8        0x8 
 .text          0x00000000000191e0       0x28 /home/beverly/Documents/glibc-2.27/build-glibc/elf/rtld-libc.a(rtld-lseek64.os)
                0x00000000000191e0                __lseek64
                0x00000000000191e0                lseek
                0x00000000000191e0                __libc_lseek64
                0x00000000000191e0                llseek
                0x00000000000191e0                __lseek
                0x00000000000191e0                __libc_lseek
                0x00000000000191e0                lseek64
 *fill*         0x0000000000019208        0x8 
 .text          0x0000000000019210       0x26 /home/beverly/Documents/glibc-2.27/build-glibc/elf/rtld-libc.a(rtld-access.os)
                0x0000000000019210                access
                0x0000000000019210                __access
 *fill*         0x0000000000019236        0xa 
 .text          0x0000000000019240       0x7e /home/beverly/Documents/glibc-2.27/build-glibc/elf/rtld-libc.a(rtld-fcntl.os)
                0x0000000000019240                __libc_fcntl
                0x0000000000019240                __fcntl_nocancel
                0x0000000000019240                __fcntl
                0x0000000000019240                fcntl
 *fill*         0x00000000000192be        0x2 
 .text          0x00000000000192c0       0x26 /home/beverly/Documents/glibc-2.27/build-glibc/elf/rtld-libc.a(rtld-close.os)
                0x00000000000192c0                __libc_close
                0x00000000000192c0                __close_nocancel
                0x00000000000192c0                __close
                0x00000000000192c0                close
 *fill*         0x00000000000192e6        0xa 
 .text          0x00000000000192f0       0xc1 /home/beverly/Documents/glibc-2.27/build-glibc/elf/rtld-libc.a(rtld-mmap64.os)
                0x00000000000192f0                __mmap
                0x00000000000192f0                mmap
                0x00000000000192f0                __mmap64
                0x00000000000192f0                mmap64
 *fill*         0x00000000000193b1        0xf 
 .text          0x00000000000193c0       0x20 /home/beverly/Documents/glibc-2.27/build-glibc/elf/rtld-libc.a(rtld-munmap.os)
                0x00000000000193c0                munmap
                0x00000000000193c0                __GI___munmap
                0x00000000000193c0                __GI_munmap
                0x00000000000193c0                __munmap
 .text          0x00000000000193e0       0x20 /home/beverly/Documents/glibc-2.27/build-glibc/elf/rtld-libc.a(rtld-mprotect.os)
                0x00000000000193e0                __mprotect
                0x00000000000193e0                __GI___mprotect
                0x00000000000193e0                __GI_mprotect
                0x00000000000193e0                mprotect
 .text          0x0000000000019400       0x20 /home/beverly/Documents/glibc-2.27/build-glibc/elf/rtld-libc.a(rtld-uname.os)
                0x0000000000019400                uname
                0x0000000000019400                __GI_uname
                0x0000000000019400                __uname
                0x0000000000019400                __GI___uname
 .text          0x0000000000019420       0x4a /home/beverly/Documents/glibc-2.27/build-glibc/elf/rtld-libc.a(rtld-_exit.os)
                0x0000000000019420                _Exit
                0x0000000000019420                __GI__exit
                0x0000000000019420                _exit
 *fill*         0x000000000001946a        0x6 
 .text          0x0000000000019470        0x8 /home/beverly/Documents/glibc-2.27/build-glibc/elf/rtld-libc.a(rtld-getpid.os)
                0x0000000000019470                __getpid
                0x0000000000019470                getpid
                0x0000000000019470                __GI_getpid
                0x0000000000019470                __GI___getpid
 .text          0x0000000000019478        0x0 /home/beverly/Documents/glibc-2.27/build-glibc/elf/rtld-libc.a(rtld-environ.os)
 *fill*         0x0000000000019478        0x8 
 .text          0x0000000000019480       0x4f /home/beverly/Documents/glibc-2.27/build-glibc/elf/rtld-libc.a(rtld-setjmp.os)
                0x0000000000019480                __sigsetjmp
                0x0000000000019480                __GI___sigsetjmp
 *fill*         0x00000000000194cf        0x1 
 .text          0x00000000000194d0       0x4a /home/beverly/Documents/glibc-2.27/build-glibc/elf/rtld-libc.a(rtld-__longjmp.os)
                0x00000000000194d0                __longjmp
 *fill*         0x000000000001951a        0x6 
 .text          0x0000000000019520      0x1e0 /home/beverly/Documents/glibc-2.27/build-glibc/elf/rtld-libc.a(rtld-sigaction.os)
                0x0000000000019540                __libc_sigaction
                0x00000000000196e0                sigaction
                0x00000000000196e0                __sigaction
 .text          0x0000000000019700       0x41 /home/beverly/Documents/glibc-2.27/build-glibc/elf/rtld-libc.a(rtld-strdup.os)
                0x0000000000019700                __strdup
                0x0000000000019700                strdup
 *fill*         0x0000000000019741        0xf 
 .text          0x0000000000019750     0x1439 /home/beverly/Documents/glibc-2.27/build-glibc/elf/rtld-libc.a(rtld-strcmp-sse2.os)
                0x0000000000019750                strcmp
 *fill*         0x000000000001ab89        0x7 
 .text          0x000000000001ab90      0x323 /home/beverly/Documents/glibc-2.27/build-glibc/elf/rtld-libc.a(rtld-memchr-sse2.os)
                0x000000000001ab90                memchr
                0x000000000001ab90                __memchr
 *fill*         0x000000000001aeb3        0xd 
 .text          0x000000000001aec0      0x1f9 /home/beverly/Documents/glibc-2.27/build-glibc/elf/rtld-libc.a(rtld-rawmemchr-sse2.os)
                0x000000000001aec0                __rawmemchr
                0x000000000001aec0                rawmemchr
 *fill*         0x000000000001b0b9        0x7 
 .text          0x000000000001b0c0      0x400 /home/beverly/Documents/glibc-2.27/build-glibc/elf/rtld-libc.a(rtld-memcmp-sse2.os)
                0x000000000001b0c0                bcmp
                0x000000000001b0c0                memcmp
 .text          0x000000000001b4c0      0x21a /home/beverly/Documents/glibc-2.27/build-glibc/elf/rtld-libc.a(rtld-strchr-sse2.os)
                0x000000000001b4c0                index
                0x000000000001b4c0                strchr
 *fill*         0x000000000001b6da        0x6 
 .text          0x000000000001b6e0      0x19c /home/beverly/Documents/glibc-2.27/build-glibc/elf/rtld-libc.a(rtld-strlen-sse2.os)
                0x000000000001b6e0                strlen
 *fill*         0x000000000001b87c        0x4 
 .text          0x000000000001b880      0x218 /home/beverly/Documents/glibc-2.27/build-glibc/elf/rtld-libc.a(rtld-strnlen-sse2.os)
                0x000000000001b880                __strnlen
                0x000000000001b880                strnlen
 *fill*         0x000000000001ba98        0x8 
 .text          0x000000000001baa0       0xdc /home/beverly/Documents/glibc-2.27/build-glibc/elf/rtld-libc.a(rtld-stpcpy-sse2.os)
                0x000000000001baa0                stpcpy
                0x000000000001baa0                __stpcpy
 *fill*         0x000000000001bb7c        0x4 
 .text          0x000000000001bb80       0x97 /home/beverly/Documents/glibc-2.27/build-glibc/elf/rtld-libc.a(rtld-strcspn-sse2.os)
                0x000000000001bb80                strcspn
 *fill*         0x000000000001bc17        0x9 
 .text          0x000000000001bc20      0x1ed /home/beverly/Documents/glibc-2.27/build-glibc/elf/rtld-libc.a(rtld-memmove-sse2-unaligned-erms.os)
                0x000000000001bc20                mempcpy
                0x000000000001bc20                __mempcpy
                0x000000000001bc30                memmove
                0x000000000001bc30                memcpy
 *fill*         0x000000000001be0d        0x3 
 .text          0x000000000001be10       0xda /home/beverly/Documents/glibc-2.27/build-glibc/elf/rtld-libc.a(rtld-memset-sse2-unaligned-erms.os)
                0x000000000001be10                memset
 *fill*         0x000000000001beea        0x6 
 .text          0x000000000001bef0       0x20 /home/beverly/Documents/glibc-2.27/build-glibc/elf/rtld-libc.a(rtld-setitimer.os)
                0x000000000001bef0                setitimer
                0x000000000001bef0                __setitimer
                0x000000000001bef0                __GI_setitimer
                0x000000000001bef0                __GI___setitimer
 *(.gnu.warning)

.text.unlikely  0x0000000000000000      0x172
 .text.unlikely
                0x0000000000000000      0x172 /home/beverly/Documents/glibc-2.27/build-glibc/elf/dl-allobjs.os

.fini
 *(SORT_NONE(.fini))

.rodata         0x0000000000000000      0xda8
 *(.rodata)
 .rodata        0x0000000000000000      0xd68 /home/beverly/Documents/glibc-2.27/build-glibc/elf/dl-allobjs.os
                0x0000000000000cc0                __GI__itoa_lower_digits
                0x0000000000000cc0                _itoa_lower_digits
 .rodata        0x0000000000000d68       0x40 /home/beverly/Documents/glibc-2.27/build-glibc/elf/rtld-libc.a(rtld-strcmp-sse2.os)

.rodata.str1.1  0x0000000000000000     0x120f
 .rodata.str1.1
                0x0000000000000000     0x11fb /home/beverly/Documents/glibc-2.27/build-glibc/elf/dl-allobjs.os
 .rodata.str1.1
                0x00000000000011fb       0x14 /home/beverly/Documents/glibc-2.27/build-glibc/elf/rtld-libc.a(rtld-check_fds.os)

.rodata.str1.8  0x0000000000000000     0x26e1
 .rodata.str1.8
                0x0000000000000000     0x26e1 /home/beverly/Documents/glibc-2.27/build-glibc/elf/dl-allobjs.os

.rodata.str1.16
                0x0000000000000000      0x356
 .rodata.str1.16
                0x0000000000000000      0x356 /home/beverly/Documents/glibc-2.27/build-glibc/elf/dl-allobjs.os

.rodata.cst16   0x0000000000000000       0x20
 .rodata.cst16  0x0000000000000000       0x20 /home/beverly/Documents/glibc-2.27/build-glibc/elf/dl-allobjs.os

.rodata.cst4    0x0000000000000000        0x4
 .rodata.cst4   0x0000000000000000        0x4 /home/beverly/Documents/glibc-2.27/build-glibc/elf/dl-allobjs.os

.rodata.str1.32
                0x0000000000000000       0x3b
 .rodata.str1.32
                0x0000000000000000       0x3b /home/beverly/Documents/glibc-2.27/build-glibc/elf/dl-allobjs.os

.rodata1
 *(.rodata1)

.eh_frame_hdr
 *(.eh_frame_hdr)

.eh_frame       0x0000000000000000     0x2eb4
 *(.eh_frame)
 .eh_frame      0x0000000000000000     0x24c8 /home/beverly/Documents/glibc-2.27/build-glibc/elf/dl-allobjs.os
                                       0x250c (size before relaxing)
 *fill*         0x00000000000024c8        0x0 
 .eh_frame      0x00000000000024c8       0x68 /home/beverly/Documents/glibc-2.27/build-glibc/elf/rtld-libc.a(rtld-check_fds.os)
 .eh_frame      0x0000000000002530       0x38 /home/beverly/Documents/glibc-2.27/build-glibc/elf/rtld-libc.a(rtld-closedir.os)
 .eh_frame      0x0000000000002568       0x48 /home/beverly/Documents/glibc-2.27/build-glibc/elf/rtld-libc.a(rtld-readdir.os)
 .eh_frame      0x00000000000025b0       0x38 /home/beverly/Documents/glibc-2.27/build-glibc/elf/rtld-libc.a(rtld-rewinddir.os)
 .eh_frame      0x00000000000025e8       0x68 /home/beverly/Documents/glibc-2.27/build-glibc/elf/rtld-libc.a(rtld-getdents.os)
 .eh_frame      0x0000000000002650       0x50 /home/beverly/Documents/glibc-2.27/build-glibc/elf/rtld-libc.a(rtld-fdopendir.os)
 .eh_frame      0x00000000000026a0       0x30 /home/beverly/Documents/glibc-2.27/build-glibc/elf/rtld-libc.a(rtld-dl-addr-obj.os)
 .eh_frame      0x00000000000026d0       0x48 /home/beverly/Documents/glibc-2.27/build-glibc/elf/rtld-libc.a(rtld-profil.os)
 .eh_frame      0x0000000000002718       0x30 /home/beverly/Documents/glibc-2.27/build-glibc/elf/rtld-libc.a(rtld-prof-freq.os)
 .eh_frame      0x0000000000002748       0x30 /home/beverly/Documents/glibc-2.27/build-glibc/elf/rtld-libc.a(rtld-xstat.os)
 .eh_frame      0x0000000000002778       0x30 /home/beverly/Documents/glibc-2.27/build-glibc/elf/rtld-libc.a(rtld-fxstat.os)
 .eh_frame      0x00000000000027a8       0x30 /home/beverly/Documents/glibc-2.27/build-glibc/elf/rtld-libc.a(rtld-lxstat.os)
 .eh_frame      0x00000000000027d8       0x30 /home/beverly/Documents/glibc-2.27/build-glibc/elf/rtld-libc.a(rtld-open64.os)
 .eh_frame      0x0000000000002808       0x30 /home/beverly/Documents/glibc-2.27/build-glibc/elf/rtld-libc.a(rtld-openat64.os)
 .eh_frame      0x0000000000002838       0x30 /home/beverly/Documents/glibc-2.27/build-glibc/elf/rtld-libc.a(rtld-read.os)
 .eh_frame      0x0000000000002868       0x30 /home/beverly/Documents/glibc-2.27/build-glibc/elf/rtld-libc.a(rtld-write.os)
 .eh_frame      0x0000000000002898       0x30 /home/beverly/Documents/glibc-2.27/build-glibc/elf/rtld-libc.a(rtld-lseek64.os)
 .eh_frame      0x00000000000028c8       0x30 /home/beverly/Documents/glibc-2.27/build-glibc/elf/rtld-libc.a(rtld-access.os)
 .eh_frame      0x00000000000028f8       0x30 /home/beverly/Documents/glibc-2.27/build-glibc/elf/rtld-libc.a(rtld-fcntl.os)
 .eh_frame      0x0000000000002928       0x30 /home/beverly/Documents/glibc-2.27/build-glibc/elf/rtld-libc.a(rtld-close.os)
 .eh_frame      0x0000000000002958       0x70 /home/beverly/Documents/glibc-2.27/build-glibc/elf/rtld-libc.a(rtld-mmap64.os)
 .eh_frame      0x00000000000029c8       0x30 /home/beverly/Documents/glibc-2.27/build-glibc/elf/rtld-libc.a(rtld-munmap.os)
 .eh_frame      0x00000000000029f8       0x30 /home/beverly/Documents/glibc-2.27/build-glibc/elf/rtld-libc.a(rtld-mprotect.os)
 .eh_frame      0x0000000000002a28       0x30 /home/beverly/Documents/glibc-2.27/build-glibc/elf/rtld-libc.a(rtld-uname.os)
 .eh_frame      0x0000000000002a58       0x30 /home/beverly/Documents/glibc-2.27/build-glibc/elf/rtld-libc.a(rtld-_exit.os)
 .eh_frame      0x0000000000002a88       0x30 /home/beverly/Documents/glibc-2.27/build-glibc/elf/rtld-libc.a(rtld-getpid.os)
 .eh_frame      0x0000000000002ab8       0x30 /home/beverly/Documents/glibc-2.27/build-glibc/elf/rtld-libc.a(rtld-setjmp.os)
 .eh_frame      0x0000000000002ae8       0x48 /home/beverly/Documents/glibc-2.27/build-glibc/elf/rtld-libc.a(rtld-__longjmp.os)
 .eh_frame      0x0000000000002b30       0xe0 /home/beverly/Documents/glibc-2.27/build-glibc/elf/rtld-libc.a(rtld-sigaction.os)
                                         0xe8 (size before relaxing)
 .eh_frame      0x0000000000002c10       0x50 /home/beverly/Documents/glibc-2.27/build-glibc/elf/rtld-libc.a(rtld-strdup.os)
 .eh_frame      0x0000000000002c60       0x30 /home/beverly/Documents/glibc-2.27/build-glibc/elf/rtld-libc.a(rtld-strcmp-sse2.os)
 .eh_frame      0x0000000000002c90       0x30 /home/beverly/Documents/glibc-2.27/build-glibc/elf/rtld-libc.a(rtld-memchr-sse2.os)
 .eh_frame      0x0000000000002cc0       0x30 /home/beverly/Documents/glibc-2.27/build-glibc/elf/rtld-libc.a(rtld-rawmemchr-sse2.os)
 .eh_frame      0x0000000000002cf0       0x30 /home/beverly/Documents/glibc-2.27/build-glibc/elf/rtld-libc.a(rtld-memcmp-sse2.os)
 .eh_frame      0x0000000000002d20       0x30 /home/beverly/Documents/glibc-2.27/build-glibc/elf/rtld-libc.a(rtld-strchr-sse2.os)
 .eh_frame      0x0000000000002d50       0x30 /home/beverly/Documents/glibc-2.27/build-glibc/elf/rtld-libc.a(rtld-strlen-sse2.os)
 .eh_frame      0x0000000000002d80       0x30 /home/beverly/Documents/glibc-2.27/build-glibc/elf/rtld-libc.a(rtld-strnlen-sse2.os)
 .eh_frame      0x0000000000002db0       0x30 /home/beverly/Documents/glibc-2.27/build-glibc/elf/rtld-libc.a(rtld-stpcpy-sse2.os)
 .eh_frame      0x0000000000002de0       0x38 /home/beverly/Documents/glibc-2.27/build-glibc/elf/rtld-libc.a(rtld-strcspn-sse2.os)
 .eh_frame      0x0000000000002e18       0x40 /home/beverly/Documents/glibc-2.27/build-glibc/elf/rtld-libc.a(rtld-memmove-sse2-unaligned-erms.os)
 .eh_frame      0x0000000000002e58       0x30 /home/beverly/Documents/glibc-2.27/build-glibc/elf/rtld-libc.a(rtld-memset-sse2-unaligned-erms.os)
 .eh_frame      0x0000000000002e88       0x2c /home/beverly/Documents/glibc-2.27/build-glibc/elf/rtld-libc.a(rtld-setitimer.os)
                                         0x30 (size before relaxing)

.gcc_except_table
 *(.gcc_except_table .gcc_except_table.*)

.gnu_extab
 *(.gnu_extab*)

.exception_ranges
 *(.exception_ranges .exception_ranges*)

.eh_frame
 *(.eh_frame)

.gnu_extab
 *(.gnu_extab)

.gcc_except_table
 *(.gcc_except_table .gcc_except_table.*)

.exception_ranges
 *(.exception_ranges .exception_ranges*)

.tdata
 *(.tdata)

.tbss
 *(.tbss)

.jcr
 *(.jcr)

.dynamic
 *(.dynamic)

.got
 *(.got)
 *(.igot)

.got.plt
 *(.got.plt)
 *(.igot.plt)

.data           0x0000000000000000      0xf90
 *(.data)
 .data          0x0000000000000000      0xf90 /home/beverly/Documents/glibc-2.27/build-glibc/elf/dl-allobjs.os
                0x0000000000000000                _rtld_global
                0x0000000000000000                _rtld_local
                0x0000000000000f78                left_mem
                0x0000000000000f80                end_mem
                0x0000000000000f88                start_mem
 .data          0x0000000000000f90        0x0 /home/beverly/Documents/glibc-2.27/build-glibc/elf/rtld-libc.a(rtld-check_fds.os)
 .data          0x0000000000000f90        0x0 /home/beverly/Documents/glibc-2.27/build-glibc/elf/rtld-libc.a(rtld-errno.os)
 .data          0x0000000000000f90        0x0 /home/beverly/Documents/glibc-2.27/build-glibc/elf/rtld-libc.a(rtld-closedir.os)
 .data          0x0000000000000f90        0x0 /home/beverly/Documents/glibc-2.27/build-glibc/elf/rtld-libc.a(rtld-readdir.os)
 .data          0x0000000000000f90        0x0 /home/beverly/Documents/glibc-2.27/build-glibc/elf/rtld-libc.a(rtld-rewinddir.os)
 .data          0x0000000000000f90        0x0 /home/beverly/Documents/glibc-2.27/build-glibc/elf/rtld-libc.a(rtld-getdents.os)
 .data          0x0000000000000f90        0x0 /home/beverly/Documents/glibc-2.27/build-glibc/elf/rtld-libc.a(rtld-fdopendir.os)
 .data          0x0000000000000f90        0x0 /home/beverly/Documents/glibc-2.27/build-glibc/elf/rtld-libc.a(rtld-dl-addr-obj.os)
 .data          0x0000000000000f90        0x0 /home/beverly/Documents/glibc-2.27/build-glibc/elf/rtld-libc.a(rtld-profil.os)
 .data          0x0000000000000f90        0x0 /home/beverly/Documents/glibc-2.27/build-glibc/elf/rtld-libc.a(rtld-prof-freq.os)
 .data          0x0000000000000f90        0x0 /home/beverly/Documents/glibc-2.27/build-glibc/elf/rtld-libc.a(rtld-xstat.os)
 .data          0x0000000000000f90        0x0 /home/beverly/Documents/glibc-2.27/build-glibc/elf/rtld-libc.a(rtld-fxstat.os)
 .data          0x0000000000000f90        0x0 /home/beverly/Documents/glibc-2.27/build-glibc/elf/rtld-libc.a(rtld-lxstat.os)
 .data          0x0000000000000f90        0x0 /home/beverly/Documents/glibc-2.27/build-glibc/elf/rtld-libc.a(rtld-open64.os)
 .data          0x0000000000000f90        0x0 /home/beverly/Documents/glibc-2.27/build-glibc/elf/rtld-libc.a(rtld-openat64.os)
 .data          0x0000000000000f90        0x0 /home/beverly/Documents/glibc-2.27/build-glibc/elf/rtld-libc.a(rtld-read.os)
 .data          0x0000000000000f90        0x0 /home/beverly/Documents/glibc-2.27/build-glibc/elf/rtld-libc.a(rtld-write.os)
 .data          0x0000000000000f90        0x0 /home/beverly/Documents/glibc-2.27/build-glibc/elf/rtld-libc.a(rtld-lseek64.os)
 .data          0x0000000000000f90        0x0 /home/beverly/Documents/glibc-2.27/build-glibc/elf/rtld-libc.a(rtld-access.os)
 .data          0x0000000000000f90        0x0 /home/beverly/Documents/glibc-2.27/build-glibc/elf/rtld-libc.a(rtld-fcntl.os)
 .data          0x0000000000000f90        0x0 /home/beverly/Documents/glibc-2.27/build-glibc/elf/rtld-libc.a(rtld-close.os)
 .data          0x0000000000000f90        0x0 /home/beverly/Documents/glibc-2.27/build-glibc/elf/rtld-libc.a(rtld-mmap64.os)
 .data          0x0000000000000f90        0x0 /home/beverly/Documents/glibc-2.27/build-glibc/elf/rtld-libc.a(rtld-munmap.os)
 .data          0x0000000000000f90        0x0 /home/beverly/Documents/glibc-2.27/build-glibc/elf/rtld-libc.a(rtld-mprotect.os)
 .data          0x0000000000000f90        0x0 /home/beverly/Documents/glibc-2.27/build-glibc/elf/rtld-libc.a(rtld-uname.os)
 .data          0x0000000000000f90        0x0 /home/beverly/Documents/glibc-2.27/build-glibc/elf/rtld-libc.a(rtld-_exit.os)
 .data          0x0000000000000f90        0x0 /home/beverly/Documents/glibc-2.27/build-glibc/elf/rtld-libc.a(rtld-getpid.os)
 .data          0x0000000000000f90        0x0 /home/beverly/Documents/glibc-2.27/build-glibc/elf/rtld-libc.a(rtld-environ.os)
 .data          0x0000000000000f90        0x0 /home/beverly/Documents/glibc-2.27/build-glibc/elf/rtld-libc.a(rtld-setjmp.os)
 .data          0x0000000000000f90        0x0 /home/beverly/Documents/glibc-2.27/build-glibc/elf/rtld-libc.a(rtld-__longjmp.os)
 .data          0x0000000000000f90        0x0 /home/beverly/Documents/glibc-2.27/build-glibc/elf/rtld-libc.a(rtld-sigaction.os)
 .data          0x0000000000000f90        0x0 /home/beverly/Documents/glibc-2.27/build-glibc/elf/rtld-libc.a(rtld-strdup.os)
 .data          0x0000000000000f90        0x0 /home/beverly/Documents/glibc-2.27/build-glibc/elf/rtld-libc.a(rtld-strcmp-sse2.os)
 .data          0x0000000000000f90        0x0 /home/beverly/Documents/glibc-2.27/build-glibc/elf/rtld-libc.a(rtld-memchr-sse2.os)
 .data          0x0000000000000f90        0x0 /home/beverly/Documents/glibc-2.27/build-glibc/elf/rtld-libc.a(rtld-rawmemchr-sse2.os)
 .data          0x0000000000000f90        0x0 /home/beverly/Documents/glibc-2.27/build-glibc/elf/rtld-libc.a(rtld-memcmp-sse2.os)
 .data          0x0000000000000f90        0x0 /home/beverly/Documents/glibc-2.27/build-glibc/elf/rtld-libc.a(rtld-strchr-sse2.os)
 .data          0x0000000000000f90        0x0 /home/beverly/Documents/glibc-2.27/build-glibc/elf/rtld-libc.a(rtld-strlen-sse2.os)
 .data          0x0000000000000f90        0x0 /home/beverly/Documents/glibc-2.27/build-glibc/elf/rtld-libc.a(rtld-strnlen-sse2.os)
 .data          0x0000000000000f90        0x0 /home/beverly/Documents/glibc-2.27/build-glibc/elf/rtld-libc.a(rtld-stpcpy-sse2.os)
 .data          0x0000000000000f90        0x0 /home/beverly/Documents/glibc-2.27/build-glibc/elf/rtld-libc.a(rtld-strcspn-sse2.os)
 .data          0x0000000000000f90        0x0 /home/beverly/Documents/glibc-2.27/build-glibc/elf/rtld-libc.a(rtld-memmove-sse2-unaligned-erms.os)
 .data          0x0000000000000f90        0x0 /home/beverly/Documents/glibc-2.27/build-glibc/elf/rtld-libc.a(rtld-memset-sse2-unaligned-erms.os)
 .data          0x0000000000000f90        0x0 /home/beverly/Documents/glibc-2.27/build-glibc/elf/rtld-libc.a(rtld-setitimer.os)

.data.rel.ro    0x0000000000000000      0x7e4
 .data.rel.ro   0x0000000000000000      0x7e4 /home/beverly/Documents/glibc-2.27/build-glibc/elf/dl-allobjs.os
                0x00000000000000b0                __pointer_chk_guard_local
                0x00000000000000b8                _dl_skip_args
                0x00000000000000c0                __GI__dl_argv
                0x00000000000000c0                _dl_argv
                0x00000000000000c8                _dl_argc
                0x00000000000000e0                _rtld_global_ro
                0x00000000000000e0                _rtld_local_ro
                0x00000000000002e0                __stack_prot
                0x00000000000007d0                _dl_random
                0x00000000000007d8                __libc_stack_end
                0x00000000000007d8                __GI___libc_stack_end
                0x00000000000007e0                __GI___libc_enable_secure
                0x00000000000007e0                __libc_enable_secure

.data1
 *(.data1)

.bss            0x0000000000000000      0x140
 *(.bss)
 .bss           0x0000000000000000      0x118 /home/beverly/Documents/glibc-2.27/build-glibc/elf/dl-allobjs.os
                0x00000000000000e0                __libc_multiple_libcs
                0x0000000000000110                __curbrk
 .bss           0x0000000000000118        0x0 /home/beverly/Documents/glibc-2.27/build-glibc/elf/rtld-libc.a(rtld-check_fds.os)
 .bss           0x0000000000000118        0x0 /home/beverly/Documents/glibc-2.27/build-glibc/elf/rtld-libc.a(rtld-errno.os)
 .bss           0x0000000000000118        0x0 /home/beverly/Documents/glibc-2.27/build-glibc/elf/rtld-libc.a(rtld-closedir.os)
 .bss           0x0000000000000118        0x0 /home/beverly/Documents/glibc-2.27/build-glibc/elf/rtld-libc.a(rtld-readdir.os)
 .bss           0x0000000000000118        0x0 /home/beverly/Documents/glibc-2.27/build-glibc/elf/rtld-libc.a(rtld-rewinddir.os)
 .bss           0x0000000000000118        0x0 /home/beverly/Documents/glibc-2.27/build-glibc/elf/rtld-libc.a(rtld-getdents.os)
 .bss           0x0000000000000118        0x0 /home/beverly/Documents/glibc-2.27/build-glibc/elf/rtld-libc.a(rtld-fdopendir.os)
 .bss           0x0000000000000118        0x0 /home/beverly/Documents/glibc-2.27/build-glibc/elf/rtld-libc.a(rtld-dl-addr-obj.os)
 .bss           0x0000000000000118       0x20 /home/beverly/Documents/glibc-2.27/build-glibc/elf/rtld-libc.a(rtld-profil.os)
 .bss           0x0000000000000138        0x0 /home/beverly/Documents/glibc-2.27/build-glibc/elf/rtld-libc.a(rtld-prof-freq.os)
 .bss           0x0000000000000138        0x0 /home/beverly/Documents/glibc-2.27/build-glibc/elf/rtld-libc.a(rtld-xstat.os)
 .bss           0x0000000000000138        0x0 /home/beverly/Documents/glibc-2.27/build-glibc/elf/rtld-libc.a(rtld-fxstat.os)
 .bss           0x0000000000000138        0x0 /home/beverly/Documents/glibc-2.27/build-glibc/elf/rtld-libc.a(rtld-lxstat.os)
 .bss           0x0000000000000138        0x0 /home/beverly/Documents/glibc-2.27/build-glibc/elf/rtld-libc.a(rtld-open64.os)
 .bss           0x0000000000000138        0x0 /home/beverly/Documents/glibc-2.27/build-glibc/elf/rtld-libc.a(rtld-openat64.os)
 .bss           0x0000000000000138        0x0 /home/beverly/Documents/glibc-2.27/build-glibc/elf/rtld-libc.a(rtld-read.os)
 .bss           0x0000000000000138        0x0 /home/beverly/Documents/glibc-2.27/build-glibc/elf/rtld-libc.a(rtld-write.os)
 .bss           0x0000000000000138        0x0 /home/beverly/Documents/glibc-2.27/build-glibc/elf/rtld-libc.a(rtld-lseek64.os)
 .bss           0x0000000000000138        0x0 /home/beverly/Documents/glibc-2.27/build-glibc/elf/rtld-libc.a(rtld-access.os)
 .bss           0x0000000000000138        0x0 /home/beverly/Documents/glibc-2.27/build-glibc/elf/rtld-libc.a(rtld-fcntl.os)
 .bss           0x0000000000000138        0x0 /home/beverly/Documents/glibc-2.27/build-glibc/elf/rtld-libc.a(rtld-close.os)
 .bss           0x0000000000000138        0x0 /home/beverly/Documents/glibc-2.27/build-glibc/elf/rtld-libc.a(rtld-mmap64.os)
 .bss           0x0000000000000138        0x0 /home/beverly/Documents/glibc-2.27/build-glibc/elf/rtld-libc.a(rtld-munmap.os)
 .bss           0x0000000000000138        0x0 /home/beverly/Documents/glibc-2.27/build-glibc/elf/rtld-libc.a(rtld-mprotect.os)
 .bss           0x0000000000000138        0x0 /home/beverly/Documents/glibc-2.27/build-glibc/elf/rtld-libc.a(rtld-uname.os)
 .bss           0x0000000000000138        0x0 /home/beverly/Documents/glibc-2.27/build-glibc/elf/rtld-libc.a(rtld-_exit.os)
 .bss           0x0000000000000138        0x0 /home/beverly/Documents/glibc-2.27/build-glibc/elf/rtld-libc.a(rtld-getpid.os)
 .bss           0x0000000000000138        0x8 /home/beverly/Documents/glibc-2.27/build-glibc/elf/rtld-libc.a(rtld-environ.os)
                0x0000000000000138                _environ
                0x0000000000000138                __environ
                0x0000000000000138                environ
 .bss           0x0000000000000140        0x0 /home/beverly/Documents/glibc-2.27/build-glibc/elf/rtld-libc.a(rtld-setjmp.os)
 .bss           0x0000000000000140        0x0 /home/beverly/Documents/glibc-2.27/build-glibc/elf/rtld-libc.a(rtld-__longjmp.os)
 .bss           0x0000000000000140        0x0 /home/beverly/Documents/glibc-2.27/build-glibc/elf/rtld-libc.a(rtld-sigaction.os)
 .bss           0x0000000000000140        0x0 /home/beverly/Documents/glibc-2.27/build-glibc/elf/rtld-libc.a(rtld-strdup.os)
 .bss           0x0000000000000140        0x0 /home/beverly/Documents/glibc-2.27/build-glibc/elf/rtld-libc.a(rtld-strcmp-sse2.os)
 .bss           0x0000000000000140        0x0 /home/beverly/Documents/glibc-2.27/build-glibc/elf/rtld-libc.a(rtld-memchr-sse2.os)
 .bss           0x0000000000000140        0x0 /home/beverly/Documents/glibc-2.27/build-glibc/elf/rtld-libc.a(rtld-rawmemchr-sse2.os)
 .bss           0x0000000000000140        0x0 /home/beverly/Documents/glibc-2.27/build-glibc/elf/rtld-libc.a(rtld-memcmp-sse2.os)
 .bss           0x0000000000000140        0x0 /home/beverly/Documents/glibc-2.27/build-glibc/elf/rtld-libc.a(rtld-strchr-sse2.os)
 .bss           0x0000000000000140        0x0 /home/beverly/Documents/glibc-2.27/build-glibc/elf/rtld-libc.a(rtld-strlen-sse2.os)
 .bss           0x0000000000000140        0x0 /home/beverly/Documents/glibc-2.27/build-glibc/elf/rtld-libc.a(rtld-strnlen-sse2.os)
 .bss           0x0000000000000140        0x0 /home/beverly/Documents/glibc-2.27/build-glibc/elf/rtld-libc.a(rtld-stpcpy-sse2.os)
 .bss           0x0000000000000140        0x0 /home/beverly/Documents/glibc-2.27/build-glibc/elf/rtld-libc.a(rtld-strcspn-sse2.os)
 .bss           0x0000000000000140        0x0 /home/beverly/Documents/glibc-2.27/build-glibc/elf/rtld-libc.a(rtld-memmove-sse2-unaligned-erms.os)
 .bss           0x0000000000000140        0x0 /home/beverly/Documents/glibc-2.27/build-glibc/elf/rtld-libc.a(rtld-memset-sse2-unaligned-erms.os)
 .bss           0x0000000000000140        0x0 /home/beverly/Documents/glibc-2.27/build-glibc/elf/rtld-libc.a(rtld-setitimer.os)
 *(COMMON)
 COMMON         0x0000000000000140        0x0 /home/beverly/Documents/glibc-2.27/build-glibc/elf/dl-allobjs.os
 COMMON         0x0000000000000140        0x0 /home/beverly/Documents/glibc-2.27/build-glibc/elf/rtld-libc.a(rtld-errno.os)

.lbss
 *(.dynlbss)
 *(.lbss)
 *(LARGE_COMMON)

.lrodata
 *(.lrodata)

.ldata
 *(.ldata)

.stab
 *(.stab)

.stabstr
 *(.stabstr)

.stab.excl
 *(.stab.excl)

.stab.exclstr
 *(.stab.exclstr)

.stab.index
 *(.stab.index)

.stab.indexstr
 *(.stab.indexstr)

.comment        0x0000000000000000      0xa80
 *(.comment)
 .comment       0x0000000000000000      0x63c /home/beverly/Documents/glibc-2.27/build-glibc/elf/dl-allobjs.os
 .comment       0x000000000000063c       0x2a /home/beverly/Documents/glibc-2.27/build-glibc/elf/rtld-libc.a(rtld-check_fds.os)
 .comment       0x0000000000000666       0x2a /home/beverly/Documents/glibc-2.27/build-glibc/elf/rtld-libc.a(rtld-errno.os)
 .comment       0x0000000000000690       0x2a /home/beverly/Documents/glibc-2.27/build-glibc/elf/rtld-libc.a(rtld-closedir.os)
 .comment       0x00000000000006ba       0x2a /home/beverly/Documents/glibc-2.27/build-glibc/elf/rtld-libc.a(rtld-readdir.os)
 .comment       0x00000000000006e4       0x2a /home/beverly/Documents/glibc-2.27/build-glibc/elf/rtld-libc.a(rtld-rewinddir.os)
 .comment       0x000000000000070e       0x2a /home/beverly/Documents/glibc-2.27/build-glibc/elf/rtld-libc.a(rtld-getdents.os)
 .comment       0x0000000000000738       0x2a /home/beverly/Documents/glibc-2.27/build-glibc/elf/rtld-libc.a(rtld-fdopendir.os)
 .comment       0x0000000000000762       0x2a /home/beverly/Documents/glibc-2.27/build-glibc/elf/rtld-libc.a(rtld-dl-addr-obj.os)
 .comment       0x000000000000078c       0x2a /home/beverly/Documents/glibc-2.27/build-glibc/elf/rtld-libc.a(rtld-profil.os)
 .comment       0x00000000000007b6       0x2a /home/beverly/Documents/glibc-2.27/build-glibc/elf/rtld-libc.a(rtld-prof-freq.os)
 .comment       0x00000000000007e0       0x2a /home/beverly/Documents/glibc-2.27/build-glibc/elf/rtld-libc.a(rtld-xstat.os)
 .comment       0x000000000000080a       0x2a /home/beverly/Documents/glibc-2.27/build-glibc/elf/rtld-libc.a(rtld-fxstat.os)
 .comment       0x0000000000000834       0x2a /home/beverly/Documents/glibc-2.27/build-glibc/elf/rtld-libc.a(rtld-lxstat.os)
 .comment       0x000000000000085e       0x2a /home/beverly/Documents/glibc-2.27/build-glibc/elf/rtld-libc.a(rtld-open64.os)
 .comment       0x0000000000000888       0x2a /home/beverly/Documents/glibc-2.27/build-glibc/elf/rtld-libc.a(rtld-openat64.os)
 .comment       0x00000000000008b2       0x2a /home/beverly/Documents/glibc-2.27/build-glibc/elf/rtld-libc.a(rtld-read.os)
 .comment       0x00000000000008dc       0x2a /home/beverly/Documents/glibc-2.27/build-glibc/elf/rtld-libc.a(rtld-write.os)
 .comment       0x0000000000000906       0x2a /home/beverly/Documents/glibc-2.27/build-glibc/elf/rtld-libc.a(rtld-lseek64.os)
 .comment       0x0000000000000930       0x2a /home/beverly/Documents/glibc-2.27/build-glibc/elf/rtld-libc.a(rtld-access.os)
 .comment       0x000000000000095a       0x2a /home/beverly/Documents/glibc-2.27/build-glibc/elf/rtld-libc.a(rtld-fcntl.os)
 .comment       0x0000000000000984       0x2a /home/beverly/Documents/glibc-2.27/build-glibc/elf/rtld-libc.a(rtld-close.os)
 .comment       0x00000000000009ae       0x2a /home/beverly/Documents/glibc-2.27/build-glibc/elf/rtld-libc.a(rtld-mmap64.os)
 .comment       0x00000000000009d8       0x2a /home/beverly/Documents/glibc-2.27/build-glibc/elf/rtld-libc.a(rtld-_exit.os)
 .comment       0x0000000000000a02       0x2a /home/beverly/Documents/glibc-2.27/build-glibc/elf/rtld-libc.a(rtld-environ.os)
 .comment       0x0000000000000a2c       0x2a /home/beverly/Documents/glibc-2.27/build-glibc/elf/rtld-libc.a(rtld-sigaction.os)
 .comment       0x0000000000000a56       0x2a /home/beverly/Documents/glibc-2.27/build-glibc/elf/rtld-libc.a(rtld-strdup.os)

.note.GNU-stack
                0x0000000000000000        0x0
 .note.GNU-stack
                0x0000000000000000        0x0 /home/beverly/Documents/glibc-2.27/build-glibc/elf/dl-allobjs.os
 .note.GNU-stack
                0x0000000000000000        0x0 /home/beverly/Documents/glibc-2.27/build-glibc/elf/rtld-libc.a(rtld-check_fds.os)
 .note.GNU-stack
                0x0000000000000000        0x0 /home/beverly/Documents/glibc-2.27/build-glibc/elf/rtld-libc.a(rtld-errno.os)
 .note.GNU-stack
                0x0000000000000000        0x0 /home/beverly/Documents/glibc-2.27/build-glibc/elf/rtld-libc.a(rtld-closedir.os)
 .note.GNU-stack
                0x0000000000000000        0x0 /home/beverly/Documents/glibc-2.27/build-glibc/elf/rtld-libc.a(rtld-readdir.os)
 .note.GNU-stack
                0x0000000000000000        0x0 /home/beverly/Documents/glibc-2.27/build-glibc/elf/rtld-libc.a(rtld-rewinddir.os)
 .note.GNU-stack
                0x0000000000000000        0x0 /home/beverly/Documents/glibc-2.27/build-glibc/elf/rtld-libc.a(rtld-getdents.os)
 .note.GNU-stack
                0x0000000000000000        0x0 /home/beverly/Documents/glibc-2.27/build-glibc/elf/rtld-libc.a(rtld-fdopendir.os)
 .note.GNU-stack
                0x0000000000000000        0x0 /home/beverly/Documents/glibc-2.27/build-glibc/elf/rtld-libc.a(rtld-dl-addr-obj.os)
 .note.GNU-stack
                0x0000000000000000        0x0 /home/beverly/Documents/glibc-2.27/build-glibc/elf/rtld-libc.a(rtld-profil.os)
 .note.GNU-stack
                0x0000000000000000        0x0 /home/beverly/Documents/glibc-2.27/build-glibc/elf/rtld-libc.a(rtld-prof-freq.os)
 .note.GNU-stack
                0x0000000000000000        0x0 /home/beverly/Documents/glibc-2.27/build-glibc/elf/rtld-libc.a(rtld-xstat.os)
 .note.GNU-stack
                0x0000000000000000        0x0 /home/beverly/Documents/glibc-2.27/build-glibc/elf/rtld-libc.a(rtld-fxstat.os)
 .note.GNU-stack
                0x0000000000000000        0x0 /home/beverly/Documents/glibc-2.27/build-glibc/elf/rtld-libc.a(rtld-lxstat.os)
 .note.GNU-stack
                0x0000000000000000        0x0 /home/beverly/Documents/glibc-2.27/build-glibc/elf/rtld-libc.a(rtld-open64.os)
 .note.GNU-stack
                0x0000000000000000        0x0 /home/beverly/Documents/glibc-2.27/build-glibc/elf/rtld-libc.a(rtld-openat64.os)
 .note.GNU-stack
                0x0000000000000000        0x0 /home/beverly/Documents/glibc-2.27/build-glibc/elf/rtld-libc.a(rtld-read.os)
 .note.GNU-stack
                0x0000000000000000        0x0 /home/beverly/Documents/glibc-2.27/build-glibc/elf/rtld-libc.a(rtld-write.os)
 .note.GNU-stack
                0x0000000000000000        0x0 /home/beverly/Documents/glibc-2.27/build-glibc/elf/rtld-libc.a(rtld-lseek64.os)
 .note.GNU-stack
                0x0000000000000000        0x0 /home/beverly/Documents/glibc-2.27/build-glibc/elf/rtld-libc.a(rtld-access.os)
 .note.GNU-stack
                0x0000000000000000        0x0 /home/beverly/Documents/glibc-2.27/build-glibc/elf/rtld-libc.a(rtld-fcntl.os)
 .note.GNU-stack
                0x0000000000000000        0x0 /home/beverly/Documents/glibc-2.27/build-glibc/elf/rtld-libc.a(rtld-close.os)
 .note.GNU-stack
                0x0000000000000000        0x0 /home/beverly/Documents/glibc-2.27/build-glibc/elf/rtld-libc.a(rtld-mmap64.os)
 .note.GNU-stack
                0x0000000000000000        0x0 /home/beverly/Documents/glibc-2.27/build-glibc/elf/rtld-libc.a(rtld-munmap.os)
 .note.GNU-stack
                0x0000000000000000        0x0 /home/beverly/Documents/glibc-2.27/build-glibc/elf/rtld-libc.a(rtld-mprotect.os)
 .note.GNU-stack
                0x0000000000000000        0x0 /home/beverly/Documents/glibc-2.27/build-glibc/elf/rtld-libc.a(rtld-uname.os)
 .note.GNU-stack
                0x0000000000000000        0x0 /home/beverly/Documents/glibc-2.27/build-glibc/elf/rtld-libc.a(rtld-_exit.os)
 .note.GNU-stack
                0x0000000000000000        0x0 /home/beverly/Documents/glibc-2.27/build-glibc/elf/rtld-libc.a(rtld-getpid.os)
 .note.GNU-stack
                0x0000000000000000        0x0 /home/beverly/Documents/glibc-2.27/build-glibc/elf/rtld-libc.a(rtld-environ.os)
 .note.GNU-stack
                0x0000000000000000        0x0 /home/beverly/Documents/glibc-2.27/build-glibc/elf/rtld-libc.a(rtld-setjmp.os)
 .note.GNU-stack
                0x0000000000000000        0x0 /home/beverly/Documents/glibc-2.27/build-glibc/elf/rtld-libc.a(rtld-__longjmp.os)
 .note.GNU-stack
                0x0000000000000000        0x0 /home/beverly/Documents/glibc-2.27/build-glibc/elf/rtld-libc.a(rtld-sigaction.os)
 .note.GNU-stack
                0x0000000000000000        0x0 /home/beverly/Documents/glibc-2.27/build-glibc/elf/rtld-libc.a(rtld-strdup.os)
 .note.GNU-stack
                0x0000000000000000        0x0 /home/beverly/Documents/glibc-2.27/build-glibc/elf/rtld-libc.a(rtld-strcmp-sse2.os)
 .note.GNU-stack
                0x0000000000000000        0x0 /home/beverly/Documents/glibc-2.27/build-glibc/elf/rtld-libc.a(rtld-memchr-sse2.os)
 .note.GNU-stack
                0x0000000000000000        0x0 /home/beverly/Documents/glibc-2.27/build-glibc/elf/rtld-libc.a(rtld-rawmemchr-sse2.os)
 .note.GNU-stack
                0x0000000000000000        0x0 /home/beverly/Documents/glibc-2.27/build-glibc/elf/rtld-libc.a(rtld-memcmp-sse2.os)
 .note.GNU-stack
                0x0000000000000000        0x0 /home/beverly/Documents/glibc-2.27/build-glibc/elf/rtld-libc.a(rtld-strchr-sse2.os)
 .note.GNU-stack
                0x0000000000000000        0x0 /home/beverly/Documents/glibc-2.27/build-glibc/elf/rtld-libc.a(rtld-strlen-sse2.os)
 .note.GNU-stack
                0x0000000000000000        0x0 /home/beverly/Documents/glibc-2.27/build-glibc/elf/rtld-libc.a(rtld-strnlen-sse2.os)
 .note.GNU-stack
                0x0000000000000000        0x0 /home/beverly/Documents/glibc-2.27/build-glibc/elf/rtld-libc.a(rtld-stpcpy-sse2.os)
 .note.GNU-stack
                0x0000000000000000        0x0 /home/beverly/Documents/glibc-2.27/build-glibc/elf/rtld-libc.a(rtld-strcspn-sse2.os)
 .note.GNU-stack
                0x0000000000000000        0x0 /home/beverly/Documents/glibc-2.27/build-glibc/elf/rtld-libc.a(rtld-memmove-sse2-unaligned-erms.os)
 .note.GNU-stack
                0x0000000000000000        0x0 /home/beverly/Documents/glibc-2.27/build-glibc/elf/rtld-libc.a(rtld-memset-sse2-unaligned-erms.os)
 .note.GNU-stack
                0x0000000000000000        0x0 /home/beverly/Documents/glibc-2.27/build-glibc/elf/rtld-libc.a(rtld-setitimer.os)

.gnu.warning.llseek
                0x0000000000000000       0x3f
 .gnu.warning.llseek
                0x0000000000000000       0x3f /home/beverly/Documents/glibc-2.27/build-glibc/elf/rtld-libc.a(rtld-lseek64.os)

.debug
 *(.debug)

.line
 *(.line)

.debug_srcinfo
 *(.debug_srcinfo)

.debug_sfnames
 *(.debug_sfnames)

.debug_aranges
 *(.debug_aranges)

.debug_pubnames
 *(.debug_pubnames)

.debug_info
 *(.debug_info)

.debug_abbrev
 *(.debug_abbrev)

.debug_line
 *(.debug_line .debug_line.* .debug_line_end)

.debug_frame
 *(.debug_frame)

.debug_str
 *(.debug_str)

.debug_loc
 *(.debug_loc)

.debug_macinfo
 *(.debug_macinfo)

.debug_weaknames
 *(.debug_weaknames)

.debug_funcnames
 *(.debug_funcnames)

.debug_typenames
 *(.debug_typenames)

.debug_varnames
 *(.debug_varnames)

.debug_pubtypes
 *(.debug_pubtypes)

.debug_ranges
 *(.debug_ranges)

.debug_macro
 *(.debug_macro)

.debug_addr
 *(.debug_addr)

.gnu.attributes
 *(.gnu.attributes)
OUTPUT(/home/beverly/Documents/glibc-2.27/build-glibc/elf/librtld.os elf64-x86-64)
